// Jest Snapshot v1, https://goo.gl/fbAQLP

exports[`Generator: java generate java: java-pets-modular/pets-api.yml-.openapi-generator-ignore 1`] = `
"# OpenAPI Generator Ignore
# Generated by openapi-generator https://github.com/openapitools/openapi-generator

# Use this file to prevent files from being overwritten by the generator.
# The patterns follow closely to .gitignore or .dockerignore.

# As an example, the C# client generator defines ApiClient.cs.
# You can make changes and tell OpenAPI Generator to ignore just this file by uncommenting the following line:
#ApiClient.cs

# You can match any string of characters against a directory, file or extension with a single asterisk (*):
#foo/*/qux
# The above matches foo/bar/qux and foo/baz/qux, but not foo/bar/baz/qux

# You can recursively match patterns against a directory, file or extension with a double asterisk (**):
#foo/**/qux
# This matches foo/bar/qux, foo/baz/qux, and foo/bar/baz/qux

# You can also negate patterns with an exclamation (!).
# For example, you can ignore all files in a docs folder with the file extension .md:
#docs/*.md
# Then explicitly reverse the ignore rule for a single file:
#!docs/README.md
"
`;

exports[`Generator: java generate java: java-pets-modular/pets-api.yml-README.md 1`] = `
"# OpenAPI generated server

Spring Boot Server

## Overview
This server was generated by the [OpenAPI Generator](https://openapi-generator.tech) project.
By using the [OpenAPI-Spec](https://openapis.org), you can easily generate a server stub.
This is an example of building a OpenAPI-enabled server in Java using the SpringBoot framework.


The underlying library integrating OpenAPI to Spring Boot is [springdoc](https://springdoc.org).
Springdoc will generate an OpenAPI v3 specification based on the generated Controller and Model classes.
The specification is available to download using the following url:
http://localhost:8080/v3/api-docs/

Start your server as a simple java application

You can view the api documentation in swagger-ui by pointing to
http://localhost:8080/swagger-ui.html

Change default port value in application.properties"
`;

exports[`Generator: java generate java: java-pets-modular/pets-api.yml-pom.xml 1`] = `
"<project xmlns="http://maven.apache.org/POM/4.0.0" xmlns:xsi="http://www.w3.org/2001/XMLSchema-instance" xsi:schemaLocation="http://maven.apache.org/POM/4.0.0 http://maven.apache.org/maven-v4_0_0.xsd">
    <modelVersion>4.0.0</modelVersion>
    <groupId>org.openapitools</groupId>
    <artifactId>openapi-spring</artifactId>
    <packaging>jar</packaging>
    <name>openapi-spring</name>
    <version>1.0.0</version>
    <properties>
        <java.version>1.8</java.version>
        <maven.compiler.source>\${java.version}</maven.compiler.source>
        <maven.compiler.target>\${java.version}</maven.compiler.target>
        <project.build.sourceEncoding>UTF-8</project.build.sourceEncoding>
        <springdoc.version>1.6.14</springdoc.version>
        <swagger-ui.version>5.3.1</swagger-ui.version>
    </properties>
    <parent>
        <groupId>org.springframework.boot</groupId>
        <artifactId>spring-boot-starter-parent</artifactId>
        <version>2.7.15</version>
        <relativePath/> <!-- lookup parent from repository -->
    </parent>
    <build>
        <sourceDirectory>src/main/java</sourceDirectory>
        <plugins>
            <plugin>
                <groupId>org.springframework.boot</groupId>
                <artifactId>spring-boot-maven-plugin</artifactId>
            </plugin>
        </plugins>
    </build>
    <dependencies>
        <dependency>
            <groupId>org.springframework.boot</groupId>
            <artifactId>spring-boot-starter-web</artifactId>
        </dependency>
        <dependency>
            <groupId>org.springframework.data</groupId>
            <artifactId>spring-data-commons</artifactId>
        </dependency>
          <!--SpringDoc dependencies -->
        <dependency>
            <groupId>org.springdoc</groupId>
            <artifactId>springdoc-openapi-ui</artifactId>
            <version>\${springdoc.version}</version>
        </dependency>
        <!-- @Nullable annotation -->
        <dependency>
            <groupId>com.google.code.findbugs</groupId>
            <artifactId>jsr305</artifactId>
            <version>3.0.2</version>
        </dependency>
        <dependency>
            <groupId>com.fasterxml.jackson.dataformat</groupId>
            <artifactId>jackson-dataformat-yaml</artifactId>
        </dependency>
        <dependency>
            <groupId>com.fasterxml.jackson.datatype</groupId>
            <artifactId>jackson-datatype-jsr310</artifactId>
        </dependency>
        <dependency>
            <groupId>org.openapitools</groupId>
            <artifactId>jackson-databind-nullable</artifactId>
            <version>0.2.6</version>
        </dependency>
        <!-- Bean Validation API support -->
        <dependency>
            <groupId>org.springframework.boot</groupId>
            <artifactId>spring-boot-starter-validation</artifactId>
        </dependency>
        <dependency>
            <groupId>com.fasterxml.jackson.core</groupId>
            <artifactId>jackson-databind</artifactId>
        </dependency>
        <dependency>
            <groupId>org.springframework.boot</groupId>
            <artifactId>spring-boot-starter-test</artifactId>
            <scope>test</scope>
        </dependency>
    </dependencies>
</project>
"
`;
